<html>
<body>
<pre>
<h1>µVision Build Log</h1>
<h2>Tool Versions:</h2>
IDE-Version: ¦ÌVision V5.34.0.0
Copyright (C) 2021 ARM Ltd and ARM Germany GmbH. All rights reserved.
License Information: c Windows, HP Inc., LIC=UJWP0-B9W2N-TGQ7T-RB5VR-YXSRK-2JUB1
 
Tool Versions:
Toolchain:       MDK-ARM Plus  Version: 5.34.0.0
Toolchain Path:  C:\Keil_v5\ARM\ARMCC\Bin
C Compiler:      Armcc.exe V5.06 update 7 (build 960)
Assembler:       Armasm.exe V5.06 update 7 (build 960)
Linker/Locator:  ArmLink.exe V5.06 update 7 (build 960)
Library Manager: ArmAr.exe V5.06 update 7 (build 960)
Hex Converter:   FromElf.exe V5.06 update 7 (build 960)
CPU DLL:         SARMCM3.DLL V5.34.0.0
Dialog DLL:      DCM.DLL V1.17.3.0
Target DLL:      STLink\ST-LINKIII-KEIL_SWO.dll V3.0.8.0
Dialog DLL:      TCM.DLL V1.48.0.0
 
<h2>Project:</h2>
C:\Users\CRZbulabula\Desktop\MiaowLabs-Demo\MDK-ARM\MiaowLabs-Demo.uvprojx
Project File Date:  05/30/2021

<h2>Output:</h2>
*** Using Compiler 'V5.06 update 7 (build 960)', folder: 'C:\Keil_v5\ARM\ARMCC\Bin'
Build target 'MiaowLabs-Demo'
assembling startup_stm32f103xb.s...
compiling outputdata.c...
../Core/Inc/button.h(8): warning:  #1-D: last line of file ends without a newline
  #endif
../Core/Inc/filter.h(6): warning:  #1-D: last line of file ends without a newline
  #endif
../Core/Inc/control.h(25): warning:  #1-D: last line of file ends without a newline
  #endif
..\Core\Src\outputdata.c: 3 warnings, 0 errors
compiling main.c...
../Core/Inc/button.h(8): warning:  #1-D: last line of file ends without a newline
  #endif
../Core/Inc/filter.h(6): warning:  #1-D: last line of file ends without a newline
  #endif
../Core/Inc/control.h(25): warning:  #1-D: last line of file ends without a newline
  #endif
../Core/Src/main.c(105): warning:  #223-D: function "printf" declared implicitly
  		printf("MPU-6050 Init Successfully\n");
../Core/Src/main.c(121): warning:  #223-D: function "printf" declared implicitly
  			printf("LED GPIO TOGGLE! \n");
../Core/Src/main.c: 5 warnings, 0 errors
compiling gpio.c...
../Core/Inc/button.h(8): warning:  #1-D: last line of file ends without a newline
  #endif
../Core/Inc/filter.h(6): warning:  #1-D: last line of file ends without a newline
  #endif
../Core/Inc/control.h(25): warning:  #1-D: last line of file ends without a newline
  #endif
../Core/Src/gpio.c: 3 warnings, 0 errors
compiling i2c.c...
../Core/Inc/button.h(8): warning:  #1-D: last line of file ends without a newline
  #endif
../Core/Inc/filter.h(6): warning:  #1-D: last line of file ends without a newline
  #endif
../Core/Inc/control.h(25): warning:  #1-D: last line of file ends without a newline
  #endif
../Core/Src/i2c.c: 3 warnings, 0 errors
compiling button.c...
../Core/Inc/button.h(8): warning:  #1-D: last line of file ends without a newline
  #endif
../Core/Inc/filter.h(6): warning:  #1-D: last line of file ends without a newline
  #endif
../Core/Inc/control.h(25): warning:  #1-D: last line of file ends without a newline
  #endif
..\Core\Src\button.c(30): warning:  #1-D: last line of file ends without a newline
  }
..\Core\Src\button.c: 4 warnings, 0 errors
compiling control.c...
../Core/Inc/filter.h(6): warning:  #1-D: last line of file ends without a newline
  #endif
../Core/Inc/control.h(25): warning:  #1-D: last line of file ends without a newline
  #endif
../Core/Inc/button.h(8): warning:  #1-D: last line of file ends without a newline
  #endif
..\Core\Src\control.c(182): warning:  #1-D: last line of file ends without a newline
  }
..\Core\Src\control.c: 4 warnings, 0 errors
compiling mpu6050.c...
compiling stm32f1xx_hal_msp.c...
../Core/Inc/button.h(8): warning:  #1-D: last line of file ends without a newline
  #endif
../Core/Inc/filter.h(6): warning:  #1-D: last line of file ends without a newline
  #endif
../Core/Inc/control.h(25): warning:  #1-D: last line of file ends without a newline
  #endif
../Core/Src/stm32f1xx_hal_msp.c: 3 warnings, 0 errors
compiling usart.c...
../Core/Inc/button.h(8): warning:  #1-D: last line of file ends without a newline
  #endif
../Core/Inc/filter.h(6): warning:  #1-D: last line of file ends without a newline
  #endif
../Core/Inc/control.h(25): warning:  #1-D: last line of file ends without a newline
  #endif
../Core/Src/usart.c: 3 warnings, 0 errors
compiling tim.c...
../Core/Inc/button.h(8): warning:  #1-D: last line of file ends without a newline
  #endif
../Core/Inc/filter.h(6): warning:  #1-D: last line of file ends without a newline
  #endif
../Core/Inc/control.h(25): warning:  #1-D: last line of file ends without a newline
  #endif
../Core/Src/tim.c: 3 warnings, 0 errors
compiling stm32f1xx_hal_gpio_ex.c...
compiling stm32f1xx_hal.c...
compiling stm32f1xx_it.c...
../Core/Inc/button.h(8): warning:  #1-D: last line of file ends without a newline
  #endif
../Core/Inc/filter.h(6): warning:  #1-D: last line of file ends without a newline
  #endif
../Core/Inc/control.h(25): warning:  #1-D: last line of file ends without a newline
  #endif
../Core/Src/stm32f1xx_it.c: 3 warnings, 0 errors
compiling stm32f1xx_hal_i2c.c...
compiling stm32f1xx_hal_pwr.c...
compiling stm32f1xx_hal_rcc_ex.c...
compiling stm32f1xx_hal_rcc.c...
compiling stm32f1xx_hal_gpio.c...
compiling stm32f1xx_hal_cortex.c...
compiling stm32f1xx_hal_dma.c...
compiling stm32f1xx_hal_flash.c...
compiling system_stm32f1xx.c...
compiling stm32f1xx_hal_uart.c...
compiling stm32f1xx_hal_exti.c...
compiling stm32f1xx_hal_flash_ex.c...
compiling stm32f1xx_hal_tim_ex.c...
compiling stm32f1xx_hal_tim.c...
linking...
Program Size: Code=13608 RO-data=456 RW-data=156 ZI-data=1404  
FromELF: creating hex file...
"MiaowLabs-Demo\MiaowLabs-Demo.axf" - 0 Error(s), 34 Warning(s).

<h2>Software Packages used:</h2>

Package Vendor: ARM
                http://www.keil.com/pack/ARM.CMSIS.5.7.0.pack
                ARM.CMSIS.5.7.0
                CMSIS (Cortex Microcontroller Software Interface Standard)
   * Component: CORE Version: 5.4.0

Package Vendor: Keil
                http://www.keil.com/pack/Keil.STM32F1xx_DFP.2.3.0.pack
                Keil.STM32F1xx_DFP.2.3.0
                STMicroelectronics STM32F1 Series Device Support, Drivers and Examples

<h2>Collection of Component include folders:</h2>
  .\RTE\_MiaowLabs-Demo
  C:\Users\CRZbulabula\AppData\Local\Arm\Packs\ARM\CMSIS\5.7.0\CMSIS\Core\Include
  C:\Users\CRZbulabula\AppData\Local\Arm\Packs\Keil\STM32F1xx_DFP\2.3.0\Device\Include

<h2>Collection of Component Files used:</h2>

   * Component: ARM::CMSIS:CORE:5.4.0
Build Time Elapsed:  00:00:14
</pre>
</body>
</html>
